C:\Users\lipea\Documents\12_projetos_portifolio\projeto_etl_contadoria\.venv\Lib\site-packages\openpyxl\styles\stylesheet.py:237: UserWarning: Workbook contains no default style, apply openpyxl's default
  warn("Workbook contains no default style, apply openpyxl's default")
=== ETL Tempo Real ===

1/7 - Extraindo relatório...
Iniciando extração - Download path: C:\Users\lipea\Documents\12_projetos_portifolio\projeto_etl_contadoria\data_tempo_real
Página carregada: https://www.tjpe.jus.br/rhsso/realms/tjpeconnect/protocol/openid-connect/auth?response_type=code&client_id=tjpereports&redirect_uri=https%3A%2F%2Fwww.tjpe.jus.br%2Ftjpereports%2Fxhtml%2Flogin.xhtml&state=279259e2-c768-4544-88dd-4d6729b38cd1&login=true&scope=openid
Download path: C:\Users\lipea\Documents\12_projetos_portifolio\projeto_etl_contadoria\data_tempo_real
URL após submit: https://www.tjpe.jus.br/rhsso/realms/tjpeconnect/login-actions/authenticate?execution=86865601-c9df-4b14-9337-25a121f00aca&client_id=tjpereports&tab_id=frBzDpChrQk
Código TOTP gerado com sucesso.
Campo OTP encontrado
Código TOTP inserido
Formulário TOTP enviado
URL atual: https://www.tjpe.jus.br/tjpereports/xhtml/manterRelatorio/executarRelatorio.xhtml
Botão Exportar XLSX clicado
Aguardando download na pasta: C:\Users\lipea\Documents\12_projetos_portifolio\projeto_etl_contadoria\data_tempo_real
Download detectado e concluído: ['20260820050237_TJPEReports.xlsx']
Novos arquivos xlsx: ['20260820050237_TJPEReports.xlsx']
Fechando navegador...
Navegador fechado
Download concluído: ['20260820050237_TJPEReports.xlsx']

2/7 - Transformando dados...
Arquivos encontrados: ['C:\\Users\\lipea\\Documents\\12_projetos_portifolio\\projeto_etl_contadoria\\data_tempo_real\\20260820050237_TJPEReports.xlsx']
Arquivo mais recente: C:\Users\lipea\Documents\12_projetos_portifolio\projeto_etl_contadoria\data_tempo_real\20260820050237_TJPEReports.xlsx
Número de colunas no DataFrame: 37

Valores únicos na coluna Núcleo após as substituições:
<ArrowStringArray>
[  '4ª CCJ',    '5ª CC',    '2ª CC',    '7ª CC',   '6ª CCJ',    '3ª CC',
   '5ª CCJ',    '6ª CC', 'PARTIDOR',   '7ª CCJ',   '2ª CCJ',    '4ª CC',
   '1ª CCJ',   '3ª CCJ',    '1ª CC']
Length: 15, dtype: str
Transformação concluída. Arquivo salvo em: C:\Users\lipea\Documents\12_projetos_portifolio\projeto_etl_contadoria\data_transform\final_tempo_real.xlsx

3/7 - Carregando para Google Sheets...
9012 células atualizadas na aba 1ª CC.
3540 células atualizadas na aba 1ª CCJ.
414 células atualizadas na aba 2ª CC.
3288 células atualizadas na aba 2ª CCJ.
4194 células atualizadas na aba 3ª CC.
1320 células atualizadas na aba 3ª CCJ.
1464 células atualizadas na aba 4ª CC.
1632 células atualizadas na aba 4ª CCJ.
2034 células atualizadas na aba 5ª CC.
1614 células atualizadas na aba 5ª CCJ.
2856 células atualizadas na aba 6ª CC.
1878 células atualizadas na aba 6ª CCJ.
1548 células atualizadas na aba 7ª CC.
Traceback (most recent call last):
  File "C:\Users\lipea\Documents\12_projetos_portifolio\projeto_etl_contadoria\main.py", line 57, in <module>
    etl_tempo_real()
    ~~~~~~~~~~~~~~^^
  File "C:\Users\lipea\Documents\12_projetos_portifolio\projeto_etl_contadoria\main.py", line 36, in etl_tempo_real
    load_tempo_real()
    ~~~~~~~~~~~~~~~^^
  File "C:\Users\lipea\Documents\12_projetos_portifolio\projeto_etl_contadoria\src\load_google_tempo_real.py", line 56, in load_tempo_real
    ).execute()
      ~~~~~~~^^
  File "C:\Users\lipea\Documents\12_projetos_portifolio\projeto_etl_contadoria\.venv\Lib\site-packages\googleapiclient\_helpers.py", line 130, in positional_wrapper
    return wrapped(*args, **kwargs)
  File "C:\Users\lipea\Documents\12_projetos_portifolio\projeto_etl_contadoria\.venv\Lib\site-packages\googleapiclient\http.py", line 938, in execute
    raise HttpError(resp, content, uri=self.uri)
googleapiclient.errors.HttpError: <HttpError 400 when requesting https://sheets.googleapis.com/v4/spreadsheets/1-hXLDTxGmDlPgbr_jIq73o49divD75c1jJ6Tbsw61iU/values/7%C2%AA%20CCJ%21A%3AZ:clear?alt=json returned "Unable to parse range: 7ª CCJ!A:Z". Details: "Unable to parse range: 7ª CCJ!A:Z">
[20/08/2026  5:05:00,37] ETL finalizado com codigo de erro 1. 
C:\Users\lipea\Documents\12_projetos_portifolio\projeto_etl_contadoria\.venv\Lib\site-packages\openpyxl\styles\stylesheet.py:237: UserWarning: Workbook contains no default style, apply openpyxl's default
  warn("Workbook contains no default style, apply openpyxl's default")
=== ETL Tempo Real ===

1/7 - Extraindo relatório...
Iniciando extração - Download path: C:\Users\lipea\Documents\12_projetos_portifolio\projeto_etl_contadoria\data_tempo_real
Página carregada: https://www.tjpe.jus.br/rhsso/realms/tjpeconnect/protocol/openid-connect/auth?response_type=code&client_id=tjpereports&redirect_uri=https%3A%2F%2Fwww.tjpe.jus.br%2Ftjpereports%2Fxhtml%2Flogin.xhtml&state=5ad09020-c5ba-48c8-a562-21becbf2eaf5&login=true&scope=openid
Download path: C:\Users\lipea\Documents\12_projetos_portifolio\projeto_etl_contadoria\data_tempo_real
URL após submit: https://www.tjpe.jus.br/rhsso/realms/tjpeconnect/login-actions/authenticate?execution=86865601-c9df-4b14-9337-25a121f00aca&client_id=tjpereports&tab_id=jl3KgLW5ars
Código TOTP gerado com sucesso.
Campo OTP encontrado
Código TOTP inserido
Formulário TOTP enviado
URL atual: https://www.tjpe.jus.br/tjpereports/xhtml/manterRelatorio/executarRelatorio.xhtml
Botão Exportar XLSX clicado
Aguardando download na pasta: C:\Users\lipea\Documents\12_projetos_portifolio\projeto_etl_contadoria\data_tempo_real
Download detectado e concluído: ['20260821050233_TJPEReports.xlsx']
Novos arquivos xlsx: ['20260821050233_TJPEReports.xlsx']
Fechando navegador...
Navegador fechado
Download concluído: ['20260821050233_TJPEReports.xlsx']

2/7 - Transformando dados...
Arquivos encontrados: ['C:\\Users\\lipea\\Documents\\12_projetos_portifolio\\projeto_etl_contadoria\\data_tempo_real\\20260821050233_TJPEReports.xlsx']
Arquivo mais recente: C:\Users\lipea\Documents\12_projetos_portifolio\projeto_etl_contadoria\data_tempo_real\20260821050233_TJPEReports.xlsx
Número de colunas no DataFrame: 37

Valores únicos na coluna Núcleo após as substituições:
<ArrowStringArray>
[  '4ª CCJ',    '5ª CC',   '6ª CCJ',    '7ª CC',    '3ª CC',   '5ª CCJ',
    '6ª CC',    '2ª CC', 'PARTIDOR',   '7ª CCJ',   '2ª CCJ',    '4ª CC',
   '1ª CCJ',   '3ª CCJ',    '1ª CC']
Length: 15, dtype: str
Transformação concluída. Arquivo salvo em: C:\Users\lipea\Documents\12_projetos_portifolio\projeto_etl_contadoria\data_transform\final_tempo_real.xlsx

3/7 - Carregando para Google Sheets...
8976 células atualizadas na aba 1ª CC.
3522 células atualizadas na aba 1ª CCJ.
306 células atualizadas na aba 2ª CC.
3330 células atualizadas na aba 2ª CCJ.
4218 células atualizadas na aba 3ª CC.
1200 células atualizadas na aba 3ª CCJ.
1500 células atualizadas na aba 4ª CC.
1650 células atualizadas na aba 4ª CCJ.
2160 células atualizadas na aba 5ª CC.
1602 células atualizadas na aba 5ª CCJ.
2988 células atualizadas na aba 6ª CC.
1944 células atualizadas na aba 6ª CCJ.
1518 células atualizadas na aba 7ª CC.
4932 células atualizadas na aba 7ª CCJ.
198 células atualizadas na aba PARTIDOR.
48 células atualizadas na aba QUANTIDADE.
39960 células atualizadas na aba CONSOLIDADO.

4/7 - Carregando para Supabase (Storage)...
Arquivo tempo_real_2026-08-21_1a_CC.csv enviado para o Supabase Storage
Arquivo tempo_real_2026-08-21_1a_CCJ.csv enviado para o Supabase Storage
Arquivo tempo_real_2026-08-21_2a_CC.csv enviado para o Supabase Storage
Arquivo tempo_real_2026-08-21_2a_CCJ.csv enviado para o Supabase Storage
Arquivo tempo_real_2026-08-21_3a_CC.csv enviado para o Supabase Storage
Arquivo tempo_real_2026-08-21_3a_CCJ.csv enviado para o Supabase Storage
Arquivo tempo_real_2026-08-21_4a_CC.csv enviado para o Supabase Storage
Arquivo tempo_real_2026-08-21_4a_CCJ.csv enviado para o Supabase Storage
Arquivo tempo_real_2026-08-21_5a_CC.csv enviado para o Supabase Storage
Arquivo tempo_real_2026-08-21_5a_CCJ.csv enviado para o Supabase Storage
Arquivo tempo_real_2026-08-21_6a_CC.csv enviado para o Supabase Storage
Arquivo tempo_real_2026-08-21_6a_CCJ.csv enviado para o Supabase Storage
Arquivo tempo_real_2026-08-21_7a_CC.csv enviado para o Supabase Storage
Arquivo tempo_real_2026-08-21_7a_CCJ.csv enviado para o Supabase Storage
Arquivo tempo_real_2026-08-21_PARTIDOR.csv enviado para o Supabase Storage
Arquivo tempo_real_2026-08-21_QUANTIDADE.csv enviado para o Supabase Storage
Arquivo tempo_real_2026-08-21_CONSOLIDADO.csv enviado para o Supabase Storage
Arquivo tempo_real_Consolidado_supabase.csv enviado para o Supabase Storage (nova cópia)

5/7 - Sincronizando Banco de Dados de Produção (Postgres)...
[2026-08-21 05:05:22.027513] Iniciando a sincronização do Banco de Dados...
[2026-08-21 05:05:22.027526] Iniciando o backup de segurança do banco de dados...
  Fazendo backup da tabela/view: status...
  -> 24 registros salvos em status.csv (Keyset: True)
  Fazendo backup da tabela/view: processes...
  -> 230710 registros salvos em processes.csv (Keyset: True)
  Fazendo backup da tabela/view: nucleos...
  -> 19 registros salvos em nucleos.csv (Keyset: True)
  Fazendo backup da tabela/view: users...
  -> 70 registros salvos em users.csv (Keyset: True)
  Fazendo backup da tabela/view: prioridades...
  -> 8 registros salvos em prioridades.csv (Keyset: True)
  Fazendo backup da tabela/view: audit_logs...
  -> 74935 registros salvos em audit_logs.csv (Keyset: True)
[2026-08-21 05:07:06.482313] Backup concluído. Salvo em C:\Users\lipea\Documents\12_projetos_portifolio\projeto_etl_contadoria\data_transform\backups\20260821_050524

Baixando arquivo 'tempo_real_Consolidado_supabase.csv' do bucket 'relatorios'...
Arquivo lido. Encontradas 6659 linhas.
Processando 6659 candidatos a novos processos (Lotes de 100)...
  -> Enviando lote 1/67 (100 registros)...
  -> Enviando lote 2/67 (100 registros)...
  -> Enviando lote 3/67 (100 registros)...
  -> Enviando lote 4/67 (100 registros)...
  -> Enviando lote 5/67 (100 registros)...
  -> Enviando lote 6/67 (100 registros)...
  -> Enviando lote 7/67 (100 registros)...
  -> Enviando lote 8/67 (100 registros)...
  -> Enviando lote 9/67 (100 registros)...
  -> Enviando lote 10/67 (100 registros)...
  -> Enviando lote 11/67 (100 registros)...
  -> Enviando lote 12/67 (100 registros)...
  -> Enviando lote 13/67 (100 registros)...
  -> Enviando lote 14/67 (100 registros)...
  -> Enviando lote 15/67 (100 registros)...
  -> Enviando lote 16/67 (100 registros)...
  -> Enviando lote 17/67 (100 registros)...
  -> Enviando lote 18/67 (100 registros)...
  -> Enviando lote 19/67 (100 registros)...
  -> Enviando lote 20/67 (100 registros)...
  -> Enviando lote 21/67 (100 registros)...
  -> Enviando lote 22/67 (100 registros)...
  -> Enviando lote 23/67 (100 registros)...
  -> Enviando lote 24/67 (100 registros)...
  -> Enviando lote 25/67 (100 registros)...
  -> Enviando lote 26/67 (100 registros)...
  -> Enviando lote 27/67 (100 registros)...
  -> Enviando lote 28/67 (100 registros)...
  -> Enviando lote 29/67 (100 registros)...
  -> Enviando lote 30/67 (100 registros)...
  -> Enviando lote 31/67 (100 registros)...
  -> Enviando lote 32/67 (100 registros)...
  -> Enviando lote 33/67 (100 registros)...
  -> Enviando lote 34/67 (100 registros)...
  -> Enviando lote 35/67 (100 registros)...
  -> Enviando lote 36/67 (100 registros)...
  -> Enviando lote 37/67 (100 registros)...
  -> Enviando lote 38/67 (100 registros)...
  -> Enviando lote 39/67 (100 registros)...
  -> Enviando lote 40/67 (100 registros)...
  -> Enviando lote 41/67 (100 registros)...
  -> Enviando lote 42/67 (100 registros)...
  -> Enviando lote 43/67 (100 registros)...
  -> Enviando lote 44/67 (100 registros)...
  -> Enviando lote 45/67 (100 registros)...
  -> Enviando lote 46/67 (100 registros)...
  -> Enviando lote 47/67 (100 registros)...
  -> Enviando lote 48/67 (100 registros)...
  -> Enviando lote 49/67 (100 registros)...
  -> Enviando lote 50/67 (100 registros)...
  -> Enviando lote 51/67 (100 registros)...
  -> Enviando lote 52/67 (100 registros)...
  -> Enviando lote 53/67 (100 registros)...
  -> Enviando lote 54/67 (100 registros)...
  -> Enviando lote 55/67 (100 registros)...
  -> Enviando lote 56/67 (100 registros)...
  -> Enviando lote 57/67 (100 registros)...
  -> Enviando lote 58/67 (100 registros)...
  -> Enviando lote 59/67 (100 registros)...
  -> Enviando lote 60/67 (100 registros)...
  -> Enviando lote 61/67 (100 registros)...
  -> Enviando lote 62/67 (100 registros)...
  -> Enviando lote 63/67 (100 registros)...
  -> Enviando lote 64/67 (100 registros)...
  -> Enviando lote 65/67 (100 registros)...
  -> Enviando lote 66/67 (100 registros)...
  -> Enviando lote 67/67 (59 registros)...
Sincronizando campo 'pje' nos processos com status Pendente...
  -> Atualizando pje=False para 14 processos pendentes no banco que NÃO estão no arquivo...
  -> Atualizando pje=True para 3 processos pendentes no banco que ESTÃO no arquivo...
Sucesso! 334 novos processos adicionados ao banco.

6/7 - Sincronizando Data Warehouse (Bronze Layer)...
[2026-08-21 05:08:34.132788] Iniciando ingestão para o Data Warehouse (Backup: 20260821_050524)...
    Tentando conectar ao DW (Tentativa 1)...
    [OK] Conectado ao DW.

Processando tabela de forma incremental: processes...
  [OK] Carregando processes do backup local: processes.csv
  Enviando 230710 linhas para staging bronze.stg_processes...
  Executando UPSERT incremental de bronze.stg_processes -> bronze.processes...
  [OK] UPSERT concluído! Linhas realmente alteradas/inseridas: 6673
  Destino DW (Postgres): 242413 total de linhas em bronze.processes.

Processando tabela de forma incremental: users...
  [OK] Carregando users do backup local: users.csv
  Enviando 70 linhas para staging bronze.stg_users...
  Executando UPSERT incremental de bronze.stg_users -> bronze.users...
  [OK] UPSERT tabela users concluído! Linhas alteradas/inseridas: 0
  Destino DW (Postgres): 138 total de linhas em bronze.users.

Processando tabela de forma incremental: status...
  [OK] Carregando status do backup local: status.csv
  Enviando 24 linhas para staging bronze.stg_status...
  Executando UPSERT incremental de bronze.stg_status -> bronze.status...
  [OK] UPSERT tabela status concluído! Linhas alteradas/inseridas: 0
  Destino DW (Postgres): 48 total de linhas em bronze.status.

Processando tabela de forma incremental: nucleos...
  [OK] Carregando nucleos do backup local: nucleos.csv
  Enviando 19 linhas para staging bronze.stg_nucleos...
  Executando UPSERT incremental de bronze.stg_nucleos -> bronze.nucleos...
  [OK] UPSERT tabela nucleos concluído! Linhas alteradas/inseridas: 0
  Destino DW (Postgres): 35 total de linhas em bronze.nucleos.

Processando tabela de forma incremental: prioridades...
  [OK] Carregando prioridades do backup local: prioridades.csv
  Enviando 8 linhas para staging bronze.stg_prioridades...
  Executando UPSERT incremental de bronze.stg_prioridades -> bronze.prioridades...
  [OK] UPSERT tabela prioridades concluído! Linhas alteradas/inseridas: 0
08:14:12  Running with dbt=1.11.8
08:14:12  Registered adapter: postgres=1.10.0
08:14:15  [WARNING]: Configuration paths exist in your dbt_project.yml file which do not apply to any resources.
There are 1 unused configuration paths:
- models.dbt_contadoria.bronze
08:14:16  Found 2 models, 1 test, 6 sources, 465 macros
08:14:16  
08:14:16  Concurrency: 2 threads (target='dev')
08:14:16  
08:14:23  1 of 2 START sql table model public_silver.slv_processos ....................... [RUN]
08:14:47  1 of 2 OK created sql table model public_silver.slv_processos .................. [SELECT 242413 in 24.77s]
08:14:47  2 of 2 START sql table model public_gold.gld_processos_pendentes ............... [RUN]
08:14:50  2 of 2 OK created sql table model public_gold.gld_processos_pendentes .......... [SELECT 8696 in 2.98s]
08:14:51  
08:14:51  Finished running 2 table models in 0 hours 0 minutes and 35.06 seconds (35.06s).
08:14:51  
08:14:51  Completed successfully
08:14:51  
08:14:51  Done. PASS=2 WARN=0 ERROR=0 SKIP=0 NO-OP=0 TOTAL=2
  Destino DW (Postgres): 14 total de linhas em bronze.prioridades.

[2026-08-21 05:14:07.843374] Ingestão INCREMENTAL concluída com SUCESSO!

7/7 - Processando Camadas Medalhão com dbt...

Executando dbt (Transformações Silver/Gold)...
dbt executado com sucesso!

=== Pipeline Completo Concluído ===
[21/08/2026  5:14:53,05] ETL finalizado com codigo de erro 0. 
C:\Users\lipea\Documents\12_projetos_portifolio\projeto_etl_contadoria\.venv\Lib\site-packages\openpyxl\styles\stylesheet.py:237: UserWarning: Workbook contains no default style, apply openpyxl's default
  warn("Workbook contains no default style, apply openpyxl's default")
=== ETL Tempo Real ===

1/7 - Extraindo relatório...
Iniciando extração - Download path: C:\Users\lipea\Documents\12_projetos_portifolio\projeto_etl_contadoria\data_tempo_real
Página carregada: https://www.tjpe.jus.br/rhsso/realms/tjpeconnect/protocol/openid-connect/auth?response_type=code&client_id=tjpereports&redirect_uri=https%3A%2F%2Fwww.tjpe.jus.br%2Ftjpereports%2Fxhtml%2Flogin.xhtml&state=654504f4-2dcd-4b3d-864a-c3601f044d0a&login=true&scope=openid
Download path: C:\Users\lipea\Documents\12_projetos_portifolio\projeto_etl_contadoria\data_tempo_real
URL após submit: https://www.tjpe.jus.br/rhsso/realms/tjpeconnect/login-actions/authenticate?execution=86865601-c9df-4b14-9337-25a121f00aca&client_id=tjpereports&tab_id=ehkMCS_-aoo
Código TOTP gerado com sucesso.
Campo OTP encontrado
Código TOTP inserido
Formulário TOTP enviado
URL atual: https://www.tjpe.jus.br/tjpereports/xhtml/manterRelatorio/executarRelatorio.xhtml
Botão Exportar XLSX clicado
Aguardando download na pasta: C:\Users\lipea\Documents\12_projetos_portifolio\projeto_etl_contadoria\data_tempo_real
Download detectado e concluído: ['20260822155100_TJPEReports.xlsx']
Novos arquivos xlsx: ['20260822155100_TJPEReports.xlsx']
Fechando navegador...
Navegador fechado
Download concluído: ['20260822155100_TJPEReports.xlsx']

2/7 - Transformando dados...
Arquivos encontrados: ['C:\\Users\\lipea\\Documents\\12_projetos_portifolio\\projeto_etl_contadoria\\data_tempo_real\\20260822155100_TJPEReports.xlsx']
Arquivo mais recente: C:\Users\lipea\Documents\12_projetos_portifolio\projeto_etl_contadoria\data_tempo_real\20260822155100_TJPEReports.xlsx
Número de colunas no DataFrame: 37

Valores únicos na coluna Núcleo após as substituições:
<ArrowStringArray>
[  '4ª CCJ',    '5ª CC',   '6ª CCJ',    '7ª CC',    '2ª CC',    '3ª CC',
   '5ª CCJ',    '6ª CC', 'PARTIDOR',   '7ª CCJ',   '2ª CCJ',    '4ª CC',
   '1ª CCJ',   '3ª CCJ',    '1ª CC']
Length: 15, dtype: str
Transformação concluída. Arquivo salvo em: C:\Users\lipea\Documents\12_projetos_portifolio\projeto_etl_contadoria\data_transform\final_tempo_real.xlsx

3/7 - Carregando para Google Sheets...
8916 células atualizadas na aba 1ª CC.
3486 células atualizadas na aba 1ª CCJ.
648 células atualizadas na aba 2ª CC.
3438 células atualizadas na aba 2ª CCJ.
4284 células atualizadas na aba 3ª CC.
1308 células atualizadas na aba 3ª CCJ.
1500 células atualizadas na aba 4ª CC.
1626 células atualizadas na aba 4ª CCJ.
2238 células atualizadas na aba 5ª CC.
1638 células atualizadas na aba 5ª CCJ.
2904 células atualizadas na aba 6ª CC.
1968 células atualizadas na aba 6ª CCJ.
1596 células atualizadas na aba 7ª CC.
4872 células atualizadas na aba 7ª CCJ.
180 células atualizadas na aba PARTIDOR.
48 células atualizadas na aba QUANTIDADE.
40518 células atualizadas na aba CONSOLIDADO.

4/7 - Carregando para Supabase (Storage)...
Arquivo tempo_real_2026-08-22_1a_CC.csv enviado para o Supabase Storage
Arquivo tempo_real_2026-08-22_1a_CCJ.csv enviado para o Supabase Storage
Arquivo tempo_real_2026-08-22_2a_CC.csv enviado para o Supabase Storage
Arquivo tempo_real_2026-08-22_2a_CCJ.csv enviado para o Supabase Storage
Arquivo tempo_real_2026-08-22_3a_CC.csv enviado para o Supabase Storage
Arquivo tempo_real_2026-08-22_3a_CCJ.csv enviado para o Supabase Storage
Arquivo tempo_real_2026-08-22_4a_CC.csv enviado para o Supabase Storage
Arquivo tempo_real_2026-08-22_4a_CCJ.csv enviado para o Supabase Storage
Arquivo tempo_real_2026-08-22_5a_CC.csv enviado para o Supabase Storage
Arquivo tempo_real_2026-08-22_5a_CCJ.csv enviado para o Supabase Storage
Arquivo tempo_real_2026-08-22_6a_CC.csv enviado para o Supabase Storage
Arquivo tempo_real_2026-08-22_6a_CCJ.csv enviado para o Supabase Storage
Arquivo tempo_real_2026-08-22_7a_CC.csv enviado para o Supabase Storage
Arquivo tempo_real_2026-08-22_7a_CCJ.csv enviado para o Supabase Storage
Arquivo tempo_real_2026-08-22_PARTIDOR.csv enviado para o Supabase Storage
Arquivo tempo_real_2026-08-22_QUANTIDADE.csv enviado para o Supabase Storage
Arquivo tempo_real_2026-08-22_CONSOLIDADO.csv enviado para o Supabase Storage
Arquivo tempo_real_Consolidado_supabase.csv enviado para o Supabase Storage (nova cópia)

5/7 - Sincronizando Banco de Dados de Produção (Postgres)...
[2026-08-22 15:54:06.043800] Iniciando a sincronização do Banco de Dados...
[2026-08-22 15:54:06.043845] Iniciando o backup de segurança do banco de dados...
  Fazendo backup da tabela/view: status...
  -> 24 registros salvos em status.csv (Keyset: True)
  Fazendo backup da tabela/view: processes...
  -> 231055 registros salvos em processes.csv (Keyset: True)
  Fazendo backup da tabela/view: nucleos...
  -> 19 registros salvos em nucleos.csv (Keyset: True)
  Fazendo backup da tabela/view: users...
  -> 70 registros salvos em users.csv (Keyset: True)
  Fazendo backup da tabela/view: prioridades...
  -> 8 registros salvos em prioridades.csv (Keyset: True)
  Fazendo backup da tabela/view: audit_logs...
  -> 75915 registros salvos em audit_logs.csv (Keyset: True)
[2026-08-22 15:57:50.698082] Backup concluído. Salvo em C:\Users\lipea\Documents\12_projetos_portifolio\projeto_etl_contadoria\data_transform\backups\20260822_155408

Baixando arquivo 'tempo_real_Consolidado_supabase.csv' do bucket 'relatorios'...
Arquivo lido. Encontradas 6752 linhas.
Processando 6752 candidatos a novos processos (Lotes de 100)...
  -> Enviando lote 1/68 (100 registros)...
  -> Enviando lote 2/68 (100 registros)...
  -> Enviando lote 3/68 (100 registros)...
  -> Enviando lote 4/68 (100 registros)...
  -> Enviando lote 5/68 (100 registros)...
  -> Enviando lote 6/68 (100 registros)...
  -> Enviando lote 7/68 (100 registros)...
  -> Enviando lote 8/68 (100 registros)...
  -> Enviando lote 9/68 (100 registros)...
  -> Enviando lote 10/68 (100 registros)...
  -> Enviando lote 11/68 (100 registros)...
  -> Enviando lote 12/68 (100 registros)...
  -> Enviando lote 13/68 (100 registros)...
  -> Enviando lote 14/68 (100 registros)...
  -> Enviando lote 15/68 (100 registros)...
  -> Enviando lote 16/68 (100 registros)...
  -> Enviando lote 17/68 (100 registros)...
  -> Enviando lote 18/68 (100 registros)...
  -> Enviando lote 19/68 (100 registros)...
  -> Enviando lote 20/68 (100 registros)...
  -> Enviando lote 21/68 (100 registros)...
  -> Enviando lote 22/68 (100 registros)...
  -> Enviando lote 23/68 (100 registros)...
  -> Enviando lote 24/68 (100 registros)...
  -> Enviando lote 25/68 (100 registros)...
  -> Enviando lote 26/68 (100 registros)...
  -> Enviando lote 27/68 (100 registros)...
  -> Enviando lote 28/68 (100 registros)...
  -> Enviando lote 29/68 (100 registros)...
  -> Enviando lote 30/68 (100 registros)...
  -> Enviando lote 31/68 (100 registros)...
  -> Enviando lote 32/68 (100 registros)...
  -> Enviando lote 33/68 (100 registros)...
  -> Enviando lote 34/68 (100 registros)...
  -> Enviando lote 35/68 (100 registros)...
  -> Enviando lote 36/68 (100 registros)...
  -> Enviando lote 37/68 (100 registros)...
  -> Enviando lote 38/68 (100 registros)...
  -> Enviando lote 39/68 (100 registros)...
  -> Enviando lote 40/68 (100 registros)...
  -> Enviando lote 41/68 (100 registros)...
  -> Enviando lote 42/68 (100 registros)...
  -> Enviando lote 43/68 (100 registros)...
  -> Enviando lote 44/68 (100 registros)...
  -> Enviando lote 45/68 (100 registros)...
  -> Enviando lote 46/68 (100 registros)...
  -> Enviando lote 47/68 (100 registros)...
  -> Enviando lote 48/68 (100 registros)...
  -> Enviando lote 49/68 (100 registros)...
  -> Enviando lote 50/68 (100 registros)...
  -> Enviando lote 51/68 (100 registros)...
  -> Enviando lote 52/68 (100 registros)...
  -> Enviando lote 53/68 (100 registros)...
  -> Enviando lote 54/68 (100 registros)...
  -> Enviando lote 55/68 (100 registros)...
  -> Enviando lote 56/68 (100 registros)...
  -> Enviando lote 57/68 (100 registros)...
  -> Enviando lote 58/68 (100 registros)...
  -> Enviando lote 59/68 (100 registros)...
  -> Enviando lote 60/68 (100 registros)...
  -> Enviando lote 61/68 (100 registros)...
  -> Enviando lote 62/68 (100 registros)...
  -> Enviando lote 63/68 (100 registros)...
  -> Enviando lote 64/68 (100 registros)...
  -> Enviando lote 65/68 (100 registros)...
  -> Enviando lote 66/68 (100 registros)...
  -> Enviando lote 67/68 (100 registros)...
  -> Enviando lote 68/68 (52 registros)...
Sincronizando campo 'pje' nos processos com status Pendente...
  -> Atualizando pje=False para 6 processos pendentes no banco que NÃO estão no arquivo...
Sucesso! 534 novos processos adicionados ao banco.

6/7 - Sincronizando Data Warehouse (Bronze Layer)...
[2026-08-22 15:59:52.198545] Iniciando ingestão para o Data Warehouse (Backup: 20260822_155408)...
    Tentando conectar ao DW (Tentativa 1)...
    [ERRO SUPABASE] A instância do PostgreSQL no Supabase (projeto DW: owpqwkntxojqnpyfebal) está PAUSADA ou indisponível.
    -> SOLUÇÃO: Acesse o painel do Supabase (https://supabase.com/dashboard/project/owpqwkntxojqnpyfebal) e clique em 'Restore project' para reativar o banco de dados.
    [AVISO] Falha na conexão inicial ((psycopg2.OperationalError) connection to server at "aws-1-sa-east-1.pooler.supabase.com" (18.228.163.245), port 6543 failed: FATAL:  (EAUTHQUERY) authentication query failed: connection to database not available

(Background on this error at: https://sqlalche.me/e/20/e3q8)). Tentando novamente em 5s... (1/3)
    Tentando conectar ao DW (Tentativa 2)...
    [ERRO SUPABASE] A instância do PostgreSQL no Supabase (projeto DW: owpqwkntxojqnpyfebal) está PAUSADA ou indisponível.
    -> SOLUÇÃO: Acesse o painel do Supabase (https://supabase.com/dashboard/project/owpqwkntxojqnpyfebal) e clique em 'Restore project' para reativar o banco de dados.
    [AVISO] Falha na conexão inicial ((psycopg2.OperationalError) connection to server at "aws-1-sa-east-1.pooler.supabase.com" (18.228.163.245), port 6543 failed: FATAL:  (EAUTHQUERY) authentication query failed: connection to database not available

(Background on this error at: https://sqlalche.me/e/20/e3q8)). Tentando novamente em 5s... (2/3)
    Tentando conectar ao DW (Tentativa 3)...
    [ERRO SUPABASE] A instância do PostgreSQL no Supabase (projeto DW: owpqwkntxojqnpyfebal) está PAUSADA ou indisponível.
    -> SOLUÇÃO: Acesse o painel do Supabase (https://supabase.com/dashboard/project/owpqwkntxojqnpyfebal) e clique em 'Restore project' para reativar o banco de dados.
Traceback (most recent call last):
  File "C:\Users\lipea\Documents\12_projetos_portifolio\projeto_etl_contadoria\.venv\Lib\site-packages\sqlalchemy\engine\base.py", line 143, in __init__
    self._dbapi_connection = engine.raw_connection()
                             ~~~~~~~~~~~~~~~~~~~~~^^
  File "C:\Users\lipea\Documents\12_projetos_portifolio\projeto_etl_contadoria\.venv\Lib\site-packages\sqlalchemy\engine\base.py", line 3317, in raw_connection
    return self.pool.connect()
           ~~~~~~~~~~~~~~~~~^^
  File "C:\Users\lipea\Documents\12_projetos_portifolio\projeto_etl_contadoria\.venv\Lib\site-packages\sqlalchemy\pool\base.py", line 448, in connect
    return _ConnectionFairy._checkout(self)
           ~~~~~~~~~~~~~~~~~~~~~~~~~~^^^^^^
  File "C:\Users\lipea\Documents\12_projetos_portifolio\projeto_etl_contadoria\.venv\Lib\site-packages\sqlalchemy\pool\base.py", line 1272, in _checkout
    fairy = _ConnectionRecord.checkout(pool)
  File "C:\Users\lipea\Documents\12_projetos_portifolio\projeto_etl_contadoria\.venv\Lib\site-packages\sqlalchemy\pool\base.py", line 712, in checkout
    rec = pool._do_get()
  File "C:\Users\lipea\Documents\12_projetos_portifolio\projeto_etl_contadoria\.venv\Lib\site-packages\sqlalchemy\pool\impl.py", line 306, in _do_get
    return self._create_connection()
           ~~~~~~~~~~~~~~~~~~~~~~~^^
  File "C:\Users\lipea\Documents\12_projetos_portifolio\projeto_etl_contadoria\.venv\Lib\site-packages\sqlalchemy\pool\base.py", line 389, in _create_connection
    return _ConnectionRecord(self)
  File "C:\Users\lipea\Documents\12_projetos_portifolio\projeto_etl_contadoria\.venv\Lib\site-packages\sqlalchemy\pool\base.py", line 674, in __init__
    self.__connect()
    ~~~~~~~~~~~~~~^^
  File "C:\Users\lipea\Documents\12_projetos_portifolio\projeto_etl_contadoria\.venv\Lib\site-packages\sqlalchemy\pool\base.py", line 900, in __connect
    with util.safe_reraise():
         ~~~~~~~~~~~~~~~~~^^
  File "C:\Users\lipea\Documents\12_projetos_portifolio\projeto_etl_contadoria\.venv\Lib\site-packages\sqlalchemy\util\langhelpers.py", line 121, in __exit__
    raise exc_value.with_traceback(exc_tb)
  File "C:\Users\lipea\Documents\12_projetos_portifolio\projeto_etl_contadoria\.venv\Lib\site-packages\sqlalchemy\pool\base.py", line 896, in __connect
    self.dbapi_connection = connection = pool._invoke_creator(self)
                                         ~~~~~~~~~~~~~~~~~~~~^^^^^^
  File "C:\Users\lipea\Documents\12_projetos_portifolio\projeto_etl_contadoria\.venv\Lib\site-packages\sqlalchemy\engine\create.py", line 667, in connect
    return dialect.connect(*cargs_tup, **cparams)
           ~~~~~~~~~~~~~~~^^^^^^^^^^^^^^^^^^^^^^^
  File "C:\Users\lipea\Documents\12_projetos_portifolio\projeto_etl_contadoria\.venv\Lib\site-packages\sqlalchemy\engine\default.py", line 630, in connect
    return self.loaded_dbapi.connect(*cargs, **cparams)  # type: ignore[no-any-return]  # NOQA: E501
           ~~~~~~~~~~~~~~~~~~~~~~~~~^^^^^^^^^^^^^^^^^^^
  File "C:\Users\lipea\Documents\12_projetos_portifolio\projeto_etl_contadoria\.venv\Lib\site-packages\psycopg2\__init__.py", line 135, in connect
    conn = _connect(dsn, connection_factory=connection_factory, **kwasync)
psycopg2.OperationalError: connection to server at "aws-1-sa-east-1.pooler.supabase.com" (18.228.163.245), port 6543 failed: FATAL:  (EAUTHQUERY) authentication query failed: connection to database not available


The above exception was the direct cause of the following exception:

Traceback (most recent call last):
  File "C:\Users\lipea\Documents\12_projetos_portifolio\projeto_etl_contadoria\src\ingest_to_dw.py", line 102, in ingest
    raise e
  File "C:\Users\lipea\Documents\12_projetos_portifolio\projeto_etl_contadoria\src\ingest_to_dw.py", line 88, in ingest
    with dw_engine.connect() as conn:
         ~~~~~~~~~~~~~~~~~^^
  File "C:\Users\lipea\Documents\12_projetos_portifolio\projeto_etl_contadoria\.venv\Lib\site-packages\sqlalchemy\engine\base.py", line 3293, in connect
    return self._connection_cls(self)
           ~~~~~~~~~~~~~~~~~~~~^^^^^^
  File "C:\Users\lipea\Documents\12_projetos_portifolio\projeto_etl_contadoria\.venv\Lib\site-packages\sqlalchemy\engine\base.py", line 145, in __init__
    Connection._handle_dbapi_exception_noconnection(
    ~~~~~~~~~~~~~~~~~~~~~~~~~~~~~~~~~~~~~~~~~~~~~~~^
        err, dialect, engine
        ^^^^^^^^^^^^^^^^^^^^
    )
    ^
  File "C:\Users\lipea\Documents\12_projetos_portifolio\projeto_etl_contadoria\.venv\Lib\site-packages\sqlalchemy\engine\base.py", line 2448, in _handle_dbapi_exception_noconnection
    raise sqlalchemy_exception.with_traceback(exc_info[2]) from e
  File "C:\Users\lipea\Documents\12_projetos_portifolio\projeto_etl_contadoria\.venv\Lib\site-packages\sqlalchemy\engine\base.py", line 143, in __init__
    self._dbapi_connection = engine.raw_connection()
                             ~~~~~~~~~~~~~~~~~~~~~^^
  File "C:\Users\lipea\Documents\12_projetos_portifolio\projeto_etl_contadoria\.venv\Lib\site-packages\sqlalchemy\engine\base.py", line 3317, in raw_connection
    return self.pool.connect()
           ~~~~~~~~~~~~~~~~~^^
  File "C:\Users\lipea\Documents\12_projetos_portifolio\projeto_etl_contadoria\.venv\Lib\site-packages\sqlalchemy\pool\base.py", line 448, in connect
    return _ConnectionFairy._checkout(self)
           ~~~~~~~~~~~~~~~~~~~~~~~~~~^^^^^^
  File "C:\Users\lipea\Documents\12_projetos_portifolio\projeto_etl_contadoria\.venv\Lib\site-packages\sqlalchemy\pool\base.py", line 1272, in _checkout
    fairy = _ConnectionRecord.checkout(pool)
  File "C:\Users\lipea\Documents\12_projetos_portifolio\projeto_etl_contadoria\.venv\Lib\site-packages\sqlalchemy\pool\base.py", line 712, in checkout
    rec = pool._do_get()
  File "C:\Users\lipea\Documents\12_projetos_portifolio\projeto_etl_contadoria\.venv\Lib\site-packages\sqlalchemy\pool\impl.py", line 306, in _do_get
    return self._create_connection()
           ~~~~~~~~~~~~~~~~~~~~~~~^^
  File "C:\Users\lipea\Documents\12_projetos_portifolio\projeto_etl_contadoria\.venv\Lib\site-packages\sqlalchemy\pool\base.py", line 389, in _create_connection
    return _ConnectionRecord(self)
  File "C:\Users\lipea\Documents\12_projetos_portifolio\projeto_etl_contadoria\.venv\Lib\site-packages\sqlalchemy\pool\base.py", line 674, in __init__
    self.__connect()
    ~~~~~~~~~~~~~~^^
  File "C:\Users\lipea\Documents\12_projetos_portifolio\projeto_etl_contadoria\.venv\Lib\site-packages\sqlalchemy\pool\base.py", line 900, in __connect
    with util.safe_reraise():
         ~~~~~~~~~~~~~~~~~^^
  File "C:\Users\lipea\Documents\12_projetos_portifolio\projeto_etl_contadoria\.venv\Lib\site-packages\sqlalchemy\util\langhelpers.py", line 121, in __exit__
    raise exc_value.with_traceback(exc_tb)
  File "C:\Users\lipea\Documents\12_projetos_portifolio\projeto_etl_contadoria\.venv\Lib\site-packages\sqlalchemy\pool\base.py", line 896, in __connect
    self.dbapi_connection = connection = pool._invoke_creator(self)
                                         ~~~~~~~~~~~~~~~~~~~~^^^^^^
  File "C:\Users\lipea\Documents\12_projetos_portifolio\projeto_etl_contadoria\.venv\Lib\site-packages\sqlalchemy\engine\create.py", line 667, in connect
    return dialect.connect(*cargs_tup, **cparams)
           ~~~~~~~~~~~~~~~^^^^^^^^^^^^^^^^^^^^^^^
  File "C:\Users\lipea\Documents\12_projetos_portifolio\projeto_etl_contadoria\.venv\Lib\site-packages\sqlalchemy\engine\default.py", line 630, in connect
    return self.loaded_dbapi.connect(*cargs, **cparams)  # type: ignore[no-any-return]  # NOQA: E501
           ~~~~~~~~~~~~~~~~~~~~~~~~~^^^^^^^^^^^^^^^^^^^
  File "C:\Users\lipea\Documents\12_projetos_portifolio\projeto_etl_contadoria\.venv\Lib\site-packages\psycopg2\__init__.py", line 135, in connect
    conn = _connect(dsn, connection_factory=connection_factory, **kwasync)
sqlalchemy.exc.OperationalError: (psycopg2.OperationalError) connection to server at "aws-1-sa-east-1.pooler.supabase.com" (18.228.163.245), port 6543 failed: FATAL:  (EAUTHQUERY) authentication query failed: connection to database not available

(Background on this error at: https://sqlalche.me/e/20/e3q8)
ERRO CRÍTICO NA INGESTÃO INCREMENTAL: (psycopg2.OperationalError) connection to server at "aws-1-sa-east-1.pooler.supabase.com" (18.228.163.245), port 6543 failed: FATAL:  (EAUTHQUERY) authentication query failed: connection to database not available

(Background on this error at: https://sqlalche.me/e/20/e3q8)

[ERRO] Falha na ingestão do DW. Pipeline interrompido para evitar inconsistências.
[22/08/2026 16:00:40,15] ETL finalizado com codigo de erro 0. 
